[docs.archia.app/index.html]
[backblue.gif]
[fade.gif]
[index.html]
[docs.archia.app/favicon-de23e50b.svg]
[docs.archia.app/favicon-8114d1fc.png]
[docs.archia.app/css/variables-8adf115d.css]
[docs.archia.app/css/general-2459343d.css]
[docs.archia.app/css/chrome-ae938929.css]
[docs.archia.app/fonts/fonts-9644e21d.css]
[docs.archia.app/highlight-493f70e1.css]
[docs.archia.app/tomorrow-night-4c0ae647.css]
[docs.archia.app/searchindex-0f3b809c.js]
[docs.archia.app/toc-7e827e24.js]
[docs.archia.app/toc.html]
[docs.archia.app/quick-start-server.html]
[docs.archia.app/agent-configuration.html]
[docs.archia.app/archiad/api/index.html]
[docs.archia.app/quick-start-c.html]
[docs.archia.app/tool-configuration.html]
[docs.archia.app/archiad/index.html]
[docs.archia.app/archiad/installation.html]
[docs.archia.app/archiad/configuration.html]
[docs.archia.app/elasticlunr-ef4e11c1.min.js]
[docs.archia.app/mcp-auth-handling/index.html]
[docs.archia.app/mark-09e88c2c.min.js]
[docs.archia.app/searcher-c2a407aa.js]
[docs.archia.app/clipboard-1626706a.min.js]
[docs.archia.app/highlight-abc7f01d.js]
[docs.archia.app/index.html]
[docs.archia.app/favicon-de23e50b.svg]
[docs.archia.app/css/variables-8adf115d.css]
[docs.archia.app/css/general-2459343d.css]
[docs.archia.app/css/chrome-ae938929.css]
[docs.archia.app/book-a0b12cfe.js]
[docs.archia.app/fonts/open-sans-v17-all-charsets-300-7736aa35.woff2]
[docs.archia.app/fonts/open-sans-v17-all-charsets-300italic-2c7b95c0.woff2]
[docs.archia.app/fonts/open-sans-v17-all-charsets-regular-2e3b1d34.woff2]
[docs.archia.app/fonts/open-sans-v17-all-charsets-italic-6c9463f7.woff2]
[docs.archia.app/fonts/open-sans-v17-all-charsets-600-486c6759.woff2]
[docs.archia.app/fonts/open-sans-v17-all-charsets-600italic-1a3e8659.woff2]
[docs.archia.app/fonts/open-sans-v17-all-charsets-700-c22fe8c7.woff2]
[docs.archia.app/fonts/open-sans-v17-all-charsets-700italic-238ae959.woff2]
[docs.archia.app/fonts/open-sans-v17-all-charsets-800-3d2c812a.woff2]
[docs.archia.app/fonts/open-sans-v17-all-charsets-800italic-ba1521ec.woff2]
[docs.archia.app/fonts/source-code-pro-v11-all-charsets-500-2bdd9410.woff2]
[docs.archia.app/fonts/fonts-9644e21d.css]
[docs.archia.app/highlight-493f70e1.css]
[docs.archia.app/tomorrow-night-4c0ae647.css]
[docs.archia.app/ayu-highlight-3fdfc3ac.css]
[docs.archia.app/index-2.html]
[docs.archia.app/archiad/mcps.html]
[docs.archia.app/archiad/api/responses.html]
[docs.archia.app/archiad/api/models.html]
[docs.archia.app/archiad/api/agents.html]
[docs.archia.app/archiad/api/tools.html]
[docs.archia.app/archiad/api/system.html]
[docs.archia.app/archia/index.html]
[docs.archia.app/archia/c.html]
[docs.archia.app/archia/r.html]
[docs.archia.app/changelog/index.html]
[docs.archia.app/changelog/0.15.0.html]
[docs.archia.app/changelog/0.14.0.html]
[docs.archia.app/changelog/0.13.0.html]
[docs.archia.app/changelog/0.12.3.html]
[docs.archia.app/changelog/0.12.2.html]
[docs.archia.app/changelog/0.12.1.html]
[docs.archia.app/changelog/0.12.0.html]
[docs.archia.app/changelog/0.11.0.html]
[docs.archia.app/changelog/0.10.0.html]
[docs.archia.app/changelog/0.9.1.html]
[docs.archia.app/changelog/0.9.0.html]
[docs.archia.app/changelog/0.8.0.html]
[docs.archia.app/changelog/0.7.1.html]
[docs.archia.app/changelog/0.7.0.html]
[docs.archia.app/changelog/0.5.5.html]
[docs.archia.app/changelog/0.5.4.html]
[docs.archia.app/changelog/0.5.3.html]
[docs.archia.app/changelog/0.5.2.html]
[docs.archia.app/changelog/0.5.1.html]
[docs.archia.app/changelog/0.5.0.html]
[docs.archia.app/changelog/0.4.3.html]
[docs.archia.app/changelog/0.4.2.html]
[docs.archia.app/changelog/0.4.0.html]
[docs.archia.app/changelog/0.3.0.html]
[docs.archia.app/changelog/0.2.0.html]
[docs.archia.app/toc.html]
[docs.archia.app/quick-start-server.html]
[docs.archia.app/agent-configuration.html]
[docs.archia.app/changelog/0.1.0.html]
[docs.archia.app/archiad/api/index.html]
[docs.archia.app/quick-start-c.html]
[docs.archia.app/tool-configuration.html]
[docs.archia.app/archiad/index.html]
[docs.archia.app/archiad/installation.html]
[docs.archia.app/archiad/configuration.html]
[docs.archia.app/mcp-auth-handling/index.html]
[docs.archia.app/index-2.html]
[docs.archia.app/archiad/mcps.html]
[docs.archia.app/archiad/api/responses.html]
[docs.archia.app/archiad/api/models.html]
[docs.archia.app/archiad/api/agents.html]
[docs.archia.app/archiad/api/tools.html]
[docs.archia.app/archiad/api/system.html]
[docs.archia.app/archia/index.html]
[docs.archia.app/archia/c.html]
[docs.archia.app/archia/r.html]
[docs.archia.app/changelog/index.html]
[docs.archia.app/changelog/0.15.0.html]
[docs.archia.app/changelog/0.14.0.html]
[docs.archia.app/changelog/0.13.0.html]
[docs.archia.app/changelog/0.12.3.html]
[docs.archia.app/changelog/0.12.2.html]
[docs.archia.app/changelog/0.12.1.html]
[docs.archia.app/changelog/0.12.0.html]
[docs.archia.app/changelog/0.11.0.html]
[docs.archia.app/changelog/0.10.0.html]
[docs.archia.app/changelog/0.9.1.html]
[docs.archia.app/changelog/0.9.0.html]
[docs.archia.app/changelog/0.8.0.html]
[docs.archia.app/changelog/0.7.1.html]
[docs.archia.app/changelog/0.7.0.html]
[docs.archia.app/changelog/0.5.5.html]
[docs.archia.app/changelog/0.5.4.html]
[docs.archia.app/changelog/0.5.3.html]
[docs.archia.app/changelog/0.5.2.html]
[docs.archia.app/changelog/0.5.1.html]
[docs.archia.app/changelog/0.5.0.html]
[docs.archia.app/changelog/0.4.3.html]
[docs.archia.app/changelog/0.4.2.html]
[docs.archia.app/changelog/0.4.0.html]
[docs.archia.app/changelog/0.3.0.html]
[docs.archia.app/changelog/0.2.0.html]
[docs.archia.app/changelog/0.1.0.html]
[docs.archia.app/archiad/http.html]
[cdn.redocly.com/redoc/v2.5.1/bundles/redoc.standalone.js]
[docs.archia.app/archiad/http.html]
[fonts.googleapis.com/css37e0.css]
[docs.archia.app/archiad/_/archiad/index.html]
